MemTotal:       990640724 kB
MemFree:        984496604 kB
MemAvailable:   982283196 kB
Buffers:          891996 kB
Cached:          1748816 kB
SwapCached:            0 kB
Active:          2284796 kB
Inactive:         795648 kB
Active(anon):     434636 kB
Inactive(anon):      308 kB
Active(file):    1850160 kB
Inactive(file):   795340 kB
Unevictable:           0 kB
Mlocked:               0 kB
SwapTotal:       2097148 kB
SwapFree:        2097148 kB
Dirty:               304 kB
Writeback:             0 kB
AnonPages:        440088 kB
Mapped:           182524 kB
Shmem:              2348 kB
KReclaimable:     728236 kB
Slab:            1612668 kB
SReclaimable:     728236 kB
SUnreclaim:       884432 kB
KernelStack:       27424 kB
PageTables:        10720 kB
NFS_Unstable:          0 kB
Bounce:                0 kB
WritebackTmp:          0 kB
CommitLimit:    497417508 kB
Committed_AS:    3414712 kB
VmallocTotal:   34359738367 kB
VmallocUsed:     1028916 kB
VmallocChunk:          0 kB
Percpu:           198144 kB
HardwareCorrupted:     0 kB
AnonHugePages:         0 kB
ShmemHugePages:        0 kB
ShmemPmdMapped:        0 kB
FileHugePages:         0 kB
FilePmdMapped:         0 kB
CmaTotal:              0 kB
CmaFree:               0 kB
HugePages_Total:       0
HugePages_Free:        0
HugePages_Rsvd:        0
HugePages_Surp:        0
Hugepagesize:       2048 kB
Hugetlb:               0 kB
DirectMap4k:     1920592 kB
DirectMap2M:    16812032 kB
DirectMap1G:    987758592 kB
