MemTotal:       32616612 kB
MemFree:        26519688 kB
MemAvailable:   31457416 kB
Buffers:         1096256 kB
Cached:          3288468 kB
SwapCached:          400 kB
Active:          3297292 kB
Inactive:        1373044 kB
Active(anon):     137404 kB
Inactive(anon):   144248 kB
Active(file):    3159888 kB
Inactive(file):  1228796 kB
Unevictable:           0 kB
Mlocked:               0 kB
SwapTotal:        999420 kB
SwapFree:         997116 kB
Dirty:                16 kB
Writeback:             0 kB
AnonPages:        285424 kB
Mapped:           269820 kB
Shmem:              5104 kB
Slab:            1225484 kB
SReclaimable:     928228 kB
SUnreclaim:       297256 kB
KernelStack:        6704 kB
PageTables:        15552 kB
NFS_Unstable:          0 kB
Bounce:                0 kB
WritebackTmp:          0 kB
CommitLimit:    30354368 kB
Committed_AS:    1920256 kB
VmallocTotal:   34359738367 kB
VmallocUsed:           0 kB
VmallocChunk:          0 kB
HardwareCorrupted:     0 kB
AnonHugePages:         0 kB
ShmemHugePages:        0 kB
ShmemPmdMapped:        0 kB
CmaTotal:              0 kB
CmaFree:               0 kB
HugePages_Total:       0
HugePages_Free:        0
HugePages_Rsvd:        0
HugePages_Surp:        0
Hugepagesize:       2048 kB
DirectMap4k:     1915760 kB
DirectMap2M:    23971840 kB
DirectMap1G:     7340032 kB
